// Jest Snapshot v1, https://goo.gl/fbAQLP

exports[`<GameCanvas /> should renders correct <GameCanvas /> 1`] = `
<Fragment>
  <canvas
    className="z-10 border-2 border-white rounded-2xl h-screen max-h-[48vw] max-w-[96vw]"
    style={
      Object {
        "height": "calc(100vh - 7rem)",
      }
    }
  />
  <canvas
    className="z-0 absolute border-2 border-white rounded-2xl h-screen max-h-[48vw] max-w-[96vw]"
    style={
      Object {
        "height": "calc(100vh - 7rem)",
      }
    }
  />
</Fragment>
`;
