// Jest Snapshot v1, https://goo.gl/fbAQLP

exports[`<Window /> should renders correct <Window /> 1`] = `
<div
  className="text-center border border-primary rounded-3xl py-6 pl-6 bg-white bg-opacity-40 dark:text-white dark:border-white dark:bg-primary dark:bg-opacity-40"
  style={
    Object {
      "maxHeight": "none",
    }
  }
>
  <div
    className="overflow-y-auto pr-6 h-full"
  >
    Test children
  </div>
</div>
`;
