// Jest Snapshot v1, https://goo.gl/fbAQLP

exports[`<Window /> should renders correct <Window /> 1`] = `
<div
  className="relative text-center border border-primary rounded-3xl py-6 pl-6 dark:text-white dark:border-white"
  style={
    Object {
      "maxHeight": "none",
    }
  }
>
  <div
    className="absolute inset-0 z-0 bg-white rounded-3xl opacity-70 dark:bg-primary"
  />
  <div
    className="overflow-y-auto relative pr-6 h-full"
  >
    Test children
  </div>
</div>
`;
