// Jest Snapshot v1, https://goo.gl/fbAQLP

exports[`<ProfileBoardHeaderEditButton /> should renders correct <ProfileBoardHeaderEditButton /> 1`] = `
<button
  className="absolute top-0 right-0"
  onClick={
    [MockFunction] {
      "calls": Array [
        Array [],
      ],
      "results": Array [
        Object {
          "type": "return",
          "value": undefined,
        },
      ],
    }
  }
>
  <svg
    height="20"
    width="20"
    xmlns="http://www.w3.org/2000/svg"
  >
    <g
      className="fill-primary dark:fill-white"
    >
      <path
        d="M12.652 3.072L15.724 0 20 4.275l-3.072 3.073-4.276-4.276zM0 20l5.264-1.514-3.75-3.75L0 20zM6.477 17.799L2.2 13.523l9.501-9.5 4.276 4.275-9.501 9.5z"
      />
    </g>
  </svg>
</button>
`;
