// Jest Snapshot v1, https://goo.gl/fbAQLP

exports[`<GameWindow /> should renders correct <GameWindow /> 1`] = `
<div
  className="relative flex justify-center items-center"
>
  <GameCanvas />
  <NavigationButton
    className="absolute top-3 right-3"
    imageSrc={
      <svg
        data-file-name="SvgFullscreenOn"
      />
    }
    onClick={[Function]}
    title="Full screen"
  />
</div>
`;
