// Jest Snapshot v1, https://goo.gl/fbAQLP

exports[`<ForumTopicComment /> should renders correct <ForumTopicComment /> 1`] = `
<Fragment>
  <div
    className="text-left border border-primary rounded-2xl p-4 mb-4 last:mb-0 dark:border-white"
  >
    <div
      className="mb-2 text-xs"
    >
      Ivan Ivanov
       at 
      1/12/2020, 12:00 AM
    </div>
    <div
      className="mb-2"
    >
      Lorem ipsum dolor sit amet, consectetur adipiscing elit.
    </div>
    <button
      className="text-xs underline"
      onClick={[Function]}
    >
      Reply
    </button>
  </div>
</Fragment>
`;
