// Jest Snapshot v1, https://goo.gl/fbAQLP

exports[`<ForumTopicComment /> should renders correct <ForumTopicComment /> 1`] = `
<div
  className="text-left border border-primary rounded-2xl p-4 mb-4 last:mb-0 dark:border-white"
>
  <div
    className="mb-4"
  >
    Lorem ipsum dolor sit amet, consectetur adipiscing elit.
  </div>
  <div
    className="text-xs"
  >
    Ivan Ivanov
     
    01.12.20
  </div>
</div>
`;
