// Jest Snapshot v1, https://goo.gl/fbAQLP

exports[`<Modal /> should renders correct <Modal /> 1`] = `
<ModalBackdrop>
  <div
    className="flex flex-col w-full max-w-md relative text-center border border-primary rounded-3xl p-6 bg-white dark:text-white dark:border-white dark:bg-primary"
  >
    <CloseButton
      className="absolute top-4 right-4 z-10"
      onClick={[MockFunction]}
    />
    Test children
  </div>
</ModalBackdrop>
`;
