// Jest Snapshot v1, https://goo.gl/fbAQLP

exports[`<ProfileHeader /> should has className from className prop 1`] = `
<Provider
  store={
    Object {
      "clearActions": [Function],
      "dispatch": [Function],
      "getActions": [Function],
      "getState": [Function],
      "replaceReducer": [Function],
      "subscribe": [Function],
    }
  }
>
  <ProfileHeader
    className="test-class-name"
  >
    <header
      className="text-center test-class-name"
    >
      <button
        className="group relative rounded-full border border-white outline-none overflow-hidden mx-auto mb-6"
      >
        <img
          alt=""
          height="80"
          src={[Function]}
          width="80"
        />
        <div
          className="hidden group-hover:flex justify-center items-center absolute inset-0 bg-primary bg-opacity-50 text-white"
          onClick={[Function]}
        >
          change
        </div>
      </button>
      <h1
        className="font-medium"
      >
        undefined undefined
      </h1>
    </header>
  </ProfileHeader>
</Provider>
`;

exports[`<ProfileHeader /> should renders correct <ProfileHeader /> 1`] = `
<ContextProvider
  value={
    Object {
      "store": Object {
        "clearActions": [Function],
        "dispatch": [Function],
        "getActions": [Function],
        "getState": [Function],
        "replaceReducer": [Function],
        "subscribe": [Function],
      },
      "subscription": Subscription {
        "handleChangeWrapper": [Function],
        "listeners": Object {
          "notify": [Function],
        },
        "onStateChange": [Function],
        "parentSub": undefined,
        "store": Object {
          "clearActions": [Function],
          "dispatch": [Function],
          "getActions": [Function],
          "getState": [Function],
          "replaceReducer": [Function],
          "subscribe": [Function],
        },
        "unsubscribe": null,
      },
    }
  }
>
  <ProfileHeader />
</ContextProvider>
`;
