// Jest Snapshot v1, https://goo.gl/fbAQLP

exports[`<SignUpTemplate /> should renders correct <SignUpTemplate /> 1`] = `
<Popup>
  <Title
    title="test"
  />
  <BaseForm>
    <BaseInput
      name="email"
      placeholder="Email"
      type="email"
    />
    <BaseInput
      name="login"
      placeholder="Login"
      type="text"
    />
    <BaseInput
      name="firstName"
      placeholder="First name"
      type="text"
    />
    <BaseInput
      name="lastName"
      placeholder="Last name"
      type="text"
    />
    <BaseInput
      name="phone"
      placeholder="Phone"
      type="phone"
    />
    <BaseInput
      name="password"
      placeholder="Password"
      type="password"
    />
  </BaseForm>
</Popup>
`;
