// Jest Snapshot v1, https://goo.gl/fbAQLP

exports[`<SignUpTemplate /> should renders correct <SignUpTemplate /> 1`] = `
<div
  className="w-full max-w-xs"
>
  <Window>
    <Title>
      test
    </Title>
    <SignUpForm />
    <FormLink
      className="inline-block mt-4"
      path="/auth/"
    >
      Already have an account?
    </FormLink>
  </Window>
</div>
`;
