// Jest Snapshot v1, https://goo.gl/fbAQLP

exports[`<WelcomeMessage /> should renders correct <WelcomeMessage /> 1`] = `
<WelcomeMessage>
  <div
    className="fixed bottom-0 max-w-full"
    style={
      Object {
        "height": "30.625rem",
        "maxHeight": "calc(100vh - 4.5rem)",
        "right": "3.5625rem",
        "width": "44rem",
      }
    }
  >
    <div
      className="bg-contain bg-no-repeat text-center absolute top-0 z-10 flex px-14"
      style={
        Object {
          "backgroundImage": "url(function SvgBubble(props) {
  return React.createElement(
    'svg', 
    Object.assign({}, props, {'data-file-name': SvgBubble.name})
  );
})",
          "height": "18.75rem",
          "left": "0",
          "width": "25rem",
        }
      }
    >
      <div
        className="font-bold m-auto"
      >
        You think I launched Tesla into space as a joke? No way, it\`s a secret potatozation of Mars project. Click any button to help me.
      </div>
    </div>
    <img
      alt="Elon Musk"
      className="absolute bottom-0 z-auto h-full w-auto"
      src={[Function]}
      style={
        Object {
          "right": "0",
        }
      }
    />
  </div>
</WelcomeMessage>
`;
