// Jest Snapshot v1, https://goo.gl/fbAQLP

exports[`<WelcomeMessage /> should renders correct <WelcomeMessage /> 1`] = `
<p
  className="m-auto w-64 text-center text-3xl sm:w-30 sm:text-xxs portrait:text-base"
>
  Hi! Welcome to the Potatization 
    of Mars. Oh, wait, you can't see me! Turn the screen :)
</p>
`;
