// Jest Snapshot v1, https://goo.gl/fbAQLP

exports[`<ForumTopic /> should renders correct <ForumTopic /> 1`] = `
<ForumTopic>
  <div
    className="relative"
  >
    <Title>
      <h1
        className="text-4xl mb-6 font-medium dark:text-white"
      >
        New Games
      </h1>
    </Title>
    <BackButton
      className="absolute top-0 left-0"
      onClick={[Function]}
    >
      <button
        className="absolute top-0 left-0"
        onClick={[Function]}
      >
        <svg
          height="20"
          width="20"
          xmlns="http://www.w3.org/2000/svg"
        >
          <path
            className="fill-primary dark:fill-white"
            d="M19.377 9.44H2.042l5.186-5.166a.622.622 0 10-.881-.881L.18 9.559a.63.63 0 000 .881l6.167 6.167a.622.622 0 10.88-.88l-5.185-5.041h17.335a.623.623 0 000-1.246z"
          />
        </svg>
      </button>
    </BackButton>
  </div>
</ForumTopic>
`;
