// Jest Snapshot v1, https://goo.gl/fbAQLP

exports[`<AuthTemplate /> should renders correct <AuthTemplate /> 1`] = `
<div
  className="w-full max-w-xs"
>
  <Window>
    <Title>
      test
    </Title>
    <AuthForm />
    <FormLink
      className="inline-block mt-4"
      path="/signup/"
    >
      Sign up
    </FormLink>
  </Window>
</div>
`;
