// Jest Snapshot v1, https://goo.gl/fbAQLP

exports[`<Header /> should renders correct <Header /> 1`] = `
<header
  className="flex items-center justify-between p-4"
>
  <Navigation>
    <NavigationLink
      href="/"
      imageSrc={[Function]}
      title="Home"
    />
    <NavigationButton
      imageSrc={[Function]}
      onClick={[Function]}
      title="Restart game"
    />
    <NavigationButton
      imageSrc={[Function]}
      onClick={[Function]}
      title="Pause"
    />
  </Navigation>
  <Navigation>
    <NavigationLink
      href="/profile/"
      imageSrc={[Function]}
      title="Profile"
    />
    <NavigationLink
      href="/forum/"
      imageSrc={[Function]}
      title="Forum"
    />
    <NavigationLink
      href="/leaderboard/"
      imageSrc={[Function]}
      title="Leader Board"
    />
  </Navigation>
</header>
`;
