// Jest Snapshot v1, https://goo.gl/fbAQLP

exports[`<Navigation /> should renders correct <Navigation /> 1`] = `
<nav
  className="flex items-center gap-4 mr-4"
>
  <Link
    to="/profile/"
  >
    <img
      alt="My profile"
      src={[Function]}
    />
  </Link>
  <Link
    to="/forum/"
  >
    <img
      alt="Forum"
      src={[Function]}
    />
  </Link>
  <Link
    to="/leaderboard/"
  >
    <img
      alt="Leaderboard"
      src={[Function]}
    />
  </Link>
</nav>
`;
